
> cepre-app@1.0.0 web:upstream
> expo start --web --port 3001 --host localhost

Starting project at D:\Desarrollo\Cepreuna\cepre-app
React Compiler enabled
Starting Metro Bundler
Waiting on http://localhost:3001
Logs for your project will appear below.
Web node_modules\expo-router\entry.js ░░░░░░░░░░░░░░░░  0.0% (0/1)
λ node_modules\expo-router\node\render.js ░░░░░░░░░░░░░░░░  0.0% (0/1)
λ Bundled 3554ms node_modules\expo-router\node\render.js (2991 modules)
Web node_modules\expo-router\entry.js ▓▓▓▓▓▓▓▓▓▓▓▓▓▓▓░ 97.2% (2798/2838)
λ node_modules\expo-router\node\render.js ▓▓▓▓▓▓▓▓▓▓▓▓▓▓▓░ 99.9% (2991/2991)
Web Bundled 4706ms node_modules\expo-router\entry.js (2838 modules)
Web Bundled 1507ms node_modules\expo-router\entry.js (2831 modules)
 LOG  [web] Logs will appear in the browser console
λ Bundled 92ms node_modules\expo-router\node\render.js (1 module)
Web Bundled 841ms node_modules\expo-router\entry.js (1 module)
λ Bundled 67ms node_modules\expo-router\node\render.js (1 module)
Web node_modules\expo-router\entry.js ░░░░░░░░░░░░░░░░  0.0% (0/1)
Web Bundled 722ms node_modules\expo-router\entry.js (1 module)
Web Bundled 70ms node_modules\expo-router\entry.js (1 module)
Web node_modules\expo-router\entry.js ░░░░░░░░░░░░░░░░  0.0% (0/1)
λ Bundled 92ms node_modules\expo-router\node\render.js (1 module)
Web Bundled 906ms node_modules\expo-router\entry.js (1 module)
Web Bundled 84ms node_modules\expo-router\entry.js (1 module)
Web node_modules\expo-router\entry.js ░░░░░░░░░░░░░░░░  0.0% (0/1)
λ Bundled 78ms node_modules\expo-router\node\render.js (1 module)
Web Bundled 813ms node_modules\expo-router\entry.js (1 module)
λ Bundled 65ms node_modules\expo-router\node\render.js (1 module)
Web Bundled 615ms node_modules\expo-router\entry.js (1 module)
Web Bundled 71ms node_modules\expo-router\entry.js (1 module)
λ Bundled 69ms node_modules\expo-router\node\render.js (1 module)
Web Bundled 820ms node_modules\expo-router\entry.js (1 module)
Web Bundled 80ms node_modules\expo-router\entry.js (1 module)
Web node_modules\expo-router\entry.js ░░░░░░░░░░░░░░░░  0.0% (0/1)
λ Bundled 84ms node_modules\expo-router\node\render.js (1 module)
Web Bundled 835ms node_modules\expo-router\entry.js (1 module)
Web Bundled 78ms node_modules\expo-router\entry.js (1 module)
Web node_modules\expo-router\entry.js ░░░░░░░░░░░░░░░░  0.0% (0/1)
λ Bundled 83ms node_modules\expo-router\node\render.js (1 module)
Web Bundled 803ms node_modules\expo-router\entry.js (1 module)
Web node_modules\expo-router\entry.js ░░░░░░░░░░░░░░░░  0.0% (0/1)
Web node_modules\expo-router\entry.js ░░░░░░░░░░░░░░░░  0.0% (0/1)
λ node_modules\expo-router\node\render.js ░░░░░░░░░░░░░░░░  0.0% (0/1)
λ Bundled 6405ms node_modules\expo-router\node\render.js (1 module)
Web node_modules\expo-router\entry.js ░░░░░░░░░░░░░░░░  0.0% (0/1)
λ node_modules\expo-router\node\render.js ░░░░░░░░░░░░░░░░  0.0% (0/1)
Web Bundled 9460ms node_modules\expo-router\entry.js (1 module)
λ Bundled 71ms node_modules\expo-router\node\render.js (1 module)
Web node_modules\expo-router\entry.js ░░░░░░░░░░░░░░░░  0.0% (0/1)
Web Bundled 748ms node_modules\expo-router\entry.js (1 module)
λ Bundled 67ms node_modules\expo-router\node\render.js (1 module)
Web Bundled 744ms node_modules\expo-router\entry.js (1 module)
λ Bundled 64ms node_modules\expo-router\node\render.js (1 module)
Web Bundled 1014ms node_modules\expo-router\entry.js (1 module)
Web node_modules\expo-router\entry.js ░░░░░░░░░░░░░░░░  0.0% (0/1)
λ Bundled 68ms node_modules\expo-router\node\render.js (1 module)
Web Bundled 734ms node_modules\expo-router\entry.js (1 module)
λ Bundled 175ms node_modules\expo-router\node\render.js (1 module)
Web Bundled 2701ms node_modules\expo-router\entry.js (1 module)
Web node_modules\expo-router\entry.js ░░░░░░░░░░░░░░░░  0.0% (0/1)
Web node_modules\expo-router\entry.js ░░░░░░░░░░░░░░░░  0.0% (0/1)
Web Bundled 2146ms node_modules\expo-router\entry.js (1 module)
Web node_modules\expo-router\entry.js ░░░░░░░░░░░░░░░░  0.0% (0/1)
λ Bundled 280ms node_modules\expo-router\node\render.js (1 module)
Web Bundled 2378ms node_modules\expo-router\entry.js (1 module)
Web node_modules\expo-router\entry.js ░░░░░░░░░░░░░░░░  0.0% (0/1)
λ Bundled 64ms node_modules\expo-router\node\render.js (1 module)
Web Bundled 1410ms node_modules\expo-router\entry.js (1 module)
Web node_modules\expo-router\entry.js ░░░░░░░░░░░░░░░░  0.0% (0/1)
λ Bundled 64ms node_modules\expo-router\node\render.js (1 module)
Web Bundled 717ms node_modules\expo-router\entry.js (1 module)
λ Bundled 54ms node_modules\expo-router\node\render.js (1 module)
Web Bundled 887ms node_modules\expo-router\entry.js (1 module)
Web Bundled 914ms node_modules\expo-router\entry.js (1 module)
Web node_modules\expo-router\entry.js ░░░░░░░░░░░░░░░░  0.0% (0/1)
λ Bundled 197ms node_modules\expo-router\node\render.js (1 module)
Web Bundled 1705ms node_modules\expo-router\entry.js (1 module)
Web node_modules\expo-router\entry.js ░░░░░░░░░░░░░░░░  0.0% (0/1)
λ Bundled 61ms node_modules\expo-router\node\render.js (1 module)
Web Bundled 722ms node_modules\expo-router\entry.js (1 module)
λ Bundled 100ms node_modules\expo-router\node\render.js (1 module)
Web Bundled 424ms node_modules\expo-router\entry.js (1 module)
Web Bundled 1081ms node_modules\expo-router\entry.js (1 module)
Web node_modules\expo-router\entry.js ░░░░░░░░░░░░░░░░  0.0% (0/1)
λ Bundled 440ms node_modules\expo-router\node\render.js (1 module)
λ Bundled 233ms node_modules\expo-router\node\render.js (1 module)
Web Bundled 2877ms node_modules\expo-router\entry.js (1 module)
Web Bundled 2637ms node_modules\expo-router\entry.js (1 module)
Web node_modules\expo-router\entry.js ░░░░░░░░░░░░░░░░  0.0% (0/1)
λ Bundled 65ms node_modules\expo-router\node\render.js (1 module)
Web Bundled 1368ms node_modules\expo-router\entry.js (1 module)
λ Bundled 66ms node_modules\expo-router\node\render.js (1 module)
Web Bundled 1255ms node_modules\expo-router\entry.js (1 module)
Web Bundled 1439ms node_modules\expo-router\entry.js (1 module)
Web node_modules\expo-router\entry.js ░░░░░░░░░░░░░░░░  0.0% (0/1)
λ Bundled 142ms node_modules\expo-router\node\render.js (1 module)
Web Bundled 1504ms node_modules\expo-router\entry.js (1 module)
Web node_modules\expo-router\entry.js ░░░░░░░░░░░░░░░░  0.0% (0/1)
λ Bundled 211ms node_modules\expo-router\node\render.js (1 module)
Web Bundled 1780ms node_modules\expo-router\entry.js (1 module)
Web node_modules\expo-router\entry.js ░░░░░░░░░░░░░░░░  0.0% (0/1)
λ Bundled 64ms node_modules\expo-router\node\render.js (1 module)
Web Bundled 737ms node_modules\expo-router\entry.js (1 module)
λ Bundled 152ms node_modules\expo-router\node\render.js (1 module)
Web Bundled 463ms node_modules\expo-router\entry.js (1 module)
Web Bundled 1001ms node_modules\expo-router\entry.js (1 module)
Web node_modules\expo-router\entry.js ░░░░░░░░░░░░░░░░  0.0% (0/1)
λ Bundled 324ms node_modules\expo-router\node\render.js (1 module)
Web Bundled 2939ms node_modules\expo-router\entry.js (1 module)
Web node_modules\expo-router\entry.js ░░░░░░░░░░░░░░░░  0.0% (0/1)
λ Bundled 66ms node_modules\expo-router\node\render.js (1 module)
Web Bundled 861ms node_modules\expo-router\entry.js (1 module)
Web node_modules\expo-router\entry.js ░░░░░░░░░░░░░░░░  0.0% (0/1)
λ Bundled 69ms node_modules\expo-router\node\render.js (1 module)
Web Bundled 789ms node_modules\expo-router\entry.js (1 module)
λ Bundled 58ms node_modules\expo-router\node\render.js (1 module)
Web Bundled 834ms node_modules\expo-router\entry.js (1 module)
Web Bundled 1078ms node_modules\expo-router\entry.js (1 module)
Web node_modules\expo-router\entry.js ░░░░░░░░░░░░░░░░  0.0% (0/1)
λ Bundled 56ms node_modules\expo-router\node\render.js (1 module)
Web Bundled 794ms node_modules\expo-router\entry.js (1 module)
λ Bundled 56ms node_modules\expo-router\node\render.js (1 module)
Web Bundled 62ms node_modules\expo-router\entry.js (1 module)
Web Bundled 958ms node_modules\expo-router\entry.js (1 module)
Web node_modules\expo-router\entry.js ░░░░░░░░░░░░░░░░  0.0% (0/1)
λ Bundled 288ms node_modules\expo-router\node\render.js (1 module)
Web Bundled 2044ms node_modules\expo-router\entry.js (1 module)
Web node_modules\expo-router\entry.js ░░░░░░░░░░░░░░░░  0.0% (0/1)
λ Bundled 401ms node_modules\expo-router\node\render.js (1 module)
Web Bundled 2204ms node_modules\expo-router\entry.js (1 module)
Web node_modules\expo-router\entry.js ░░░░░░░░░░░░░░░░  0.0% (0/1)
λ Bundled 63ms node_modules\expo-router\node\render.js (1 module)
Web Bundled 991ms node_modules\expo-router\entry.js (1 module)
λ Bundled 129ms node_modules\expo-router\node\render.js (1 module)
Web Bundled 780ms node_modules\expo-router\entry.js (1 module)
Web Bundled 1044ms node_modules\expo-router\entry.js (1 module)
Web node_modules\expo-router\entry.js ░░░░░░░░░░░░░░░░  0.0% (0/1)
λ Bundled 264ms node_modules\expo-router\node\render.js (1 module)
Web Bundled 1880ms node_modules\expo-router\entry.js (1 module)
Web node_modules\expo-router\entry.js ░░░░░░░░░░░░░░░░  0.0% (0/1)
λ Bundled 72ms node_modules\expo-router\node\render.js (1 module)
Web Bundled 775ms node_modules\expo-router\entry.js (1 module)
λ Bundled 57ms node_modules\expo-router\node\render.js (1 module)
Web Bundled 917ms node_modules\expo-router\entry.js (1 module)
Web Bundled 1157ms node_modules\expo-router\entry.js (1 module)
Web node_modules\expo-router\entry.js ░░░░░░░░░░░░░░░░  0.0% (0/1)
λ Bundled 221ms node_modules\expo-router\node\render.js (1 module)
Web Bundled 1777ms node_modules\expo-router\entry.js (1 module)
Web node_modules\expo-router\entry.js ░░░░░░░░░░░░░░░░  0.0% (0/1)
λ Bundled 63ms node_modules\expo-router\node\render.js (1 module)
Web Bundled 754ms node_modules\expo-router\entry.js (1 module)
λ Bundled 102ms node_modules\expo-router\node\render.js (1 module)
Web Bundled 639ms node_modules\expo-router\entry.js (1 module)
Web Bundled 1044ms node_modules\expo-router\entry.js (1 module)
Web node_modules\expo-router\entry.js ░░░░░░░░░░░░░░░░  0.0% (0/1)
λ Bundled 385ms node_modules\expo-router\node\render.js (1 module)
λ Bundled 352ms node_modules\expo-router\node\render.js (1 module)
Web Bundled 2644ms node_modules\expo-router\entry.js (1 module)
Web Bundled 2591ms node_modules\expo-router\entry.js (1 module)
Web node_modules\expo-router\entry.js ░░░░░░░░░░░░░░░░  0.0% (0/1)
λ Bundled 523ms node_modules\expo-router\node\render.js (1 module)
λ Bundled 421ms node_modules\expo-router\node\render.js (1 module)
Web Bundled 3044ms node_modules\expo-router\entry.js (1 module)
Web Bundled 2914ms node_modules\expo-router\entry.js (1 module)
