λ  WARN  props.pointerEvents is deprecated. Use style.pointerEvents 
  console.warn (D:\Desarrollo\Cepreuna\cepre-app\node_modules\expo\node_modules\@expo\cli\src\start\server\serverLogLikeMetro.ts:161:21)
  warnOnce (D:\Desarrollo\Cepreuna\cepre-app\node_modules\react-native-web\dist\modules\warnOnce\index.js:24:13)
  createDOMProps (D:\Desarrollo\Cepreuna\cepre-app\node_modules\react-native-web\dist\modules\createDOMProps\index.js:805:13)
  createElement (D:\Desarrollo\Cepreuna\cepre-app\node_modules\react-native-web\dist\exports\createElement\index.js:23:32)
  Component (D:\Desarrollo\Cepreuna\cepre-app\node_modules\react-native-web\dist\exports\View\index.js:111:23)
  Object.callComponentInDEV [as react-stack-bottom-frame] (D:\Desarrollo\Cepreuna\cepre-app\node_modules\react-dom\cjs\react-dom-server-legacy.node.development.js:8970:18)
  renderWithHooks (D:\Desarrollo\Cepreuna\cepre-app\node_modules\react-dom\cjs\react-dom-server-legacy.node.development.js:4699:19)
  run (D:\Desarrollo\Cepreuna\cepre-app\node_modules\react-dom\cjs\react-dom-server-legacy.node.development.js:5539:39)
  retryNode (D:\Desarrollo\Cepreuna\cepre-app\node_modules\react-dom\cjs\react-dom-server-legacy.node.development.js:5899:31)
  renderNodeDestructive (D:\Desarrollo\Cepreuna\cepre-app\node_modules\react-dom\cjs\react-dom-server-legacy.node.development.js:5849:11)
λ  WARN  props.pointerEvents is deprecated. Use style.pointerEvents 
  console.warn (D:\Desarrollo\Cepreuna\cepre-app\node_modules\expo\node_modules\@expo\cli\src\start\server\serverLogLikeMetro.ts:161:21)
  warnOnce (D:\Desarrollo\Cepreuna\cepre-app\node_modules\react-native-web\dist\modules\warnOnce\index.js:24:13)
  createDOMProps (D:\Desarrollo\Cepreuna\cepre-app\node_modules\react-native-web\dist\modules\createDOMProps\index.js:805:13)
  createElement (D:\Desarrollo\Cepreuna\cepre-app\node_modules\react-native-web\dist\exports\createElement\index.js:23:32)
  Component (D:\Desarrollo\Cepreuna\cepre-app\node_modules\react-native-web\dist\exports\View\index.js:111:23)
  Object.callComponentInDEV [as react-stack-bottom-frame] (D:\Desarrollo\Cepreuna\cepre-app\node_modules\react-dom\cjs\react-dom-server-legacy.node.development.js:8970:18)
  renderWithHooks (D:\Desarrollo\Cepreuna\cepre-app\node_modules\react-dom\cjs\react-dom-server-legacy.node.development.js:4699:19)
  run (D:\Desarrollo\Cepreuna\cepre-app\node_modules\react-dom\cjs\react-dom-server-legacy.node.development.js:5539:39)
  retryNode (D:\Desarrollo\Cepreuna\cepre-app\node_modules\react-dom\cjs\react-dom-server-legacy.node.development.js:5899:31)
  renderNodeDestructive (D:\Desarrollo\Cepreuna\cepre-app\node_modules\react-dom\cjs\react-dom-server-legacy.node.development.js:5849:11)
λ  WARN  props.pointerEvents is deprecated. Use style.pointerEvents 
  console.warn (D:\Desarrollo\Cepreuna\cepre-app\node_modules\expo\node_modules\@expo\cli\src\start\server\serverLogLikeMetro.ts:161:21)
  warnOnce (D:\Desarrollo\Cepreuna\cepre-app\node_modules\react-native-web\dist\modules\warnOnce\index.js:24:13)
  createDOMProps (D:\Desarrollo\Cepreuna\cepre-app\node_modules\react-native-web\dist\modules\createDOMProps\index.js:805:13)
  createElement (D:\Desarrollo\Cepreuna\cepre-app\node_modules\react-native-web\dist\exports\createElement\index.js:23:32)
  Component (D:\Desarrollo\Cepreuna\cepre-app\node_modules\react-native-web\dist\exports\View\index.js:111:23)
  Object.callComponentInDEV [as react-stack-bottom-frame] (D:\Desarrollo\Cepreuna\cepre-app\node_modules\react-dom\cjs\react-dom-server-legacy.node.development.js:8970:18)
  renderWithHooks (D:\Desarrollo\Cepreuna\cepre-app\node_modules\react-dom\cjs\react-dom-server-legacy.node.development.js:4699:19)
  run (D:\Desarrollo\Cepreuna\cepre-app\node_modules\react-dom\cjs\react-dom-server-legacy.node.development.js:5539:39)
  retryNode (D:\Desarrollo\Cepreuna\cepre-app\node_modules\react-dom\cjs\react-dom-server-legacy.node.development.js:5899:31)
  renderNodeDestructive (D:\Desarrollo\Cepreuna\cepre-app\node_modules\react-dom\cjs\react-dom-server-legacy.node.development.js:5849:11)
λ  WARN  props.pointerEvents is deprecated. Use style.pointerEvents 
  console.warn (D:\Desarrollo\Cepreuna\cepre-app\node_modules\expo\node_modules\@expo\cli\src\start\server\serverLogLikeMetro.ts:161:21)
  warnOnce (D:\Desarrollo\Cepreuna\cepre-app\node_modules\react-native-web\dist\modules\warnOnce\index.js:24:13)
  createDOMProps (D:\Desarrollo\Cepreuna\cepre-app\node_modules\react-native-web\dist\modules\createDOMProps\index.js:805:13)
  createElement (D:\Desarrollo\Cepreuna\cepre-app\node_modules\react-native-web\dist\exports\createElement\index.js:23:32)
  Component (D:\Desarrollo\Cepreuna\cepre-app\node_modules\react-native-web\dist\exports\View\index.js:111:23)
  Object.callComponentInDEV [as react-stack-bottom-frame] (D:\Desarrollo\Cepreuna\cepre-app\node_modules\react-dom\cjs\react-dom-server-legacy.node.development.js:8970:18)
  renderWithHooks (D:\Desarrollo\Cepreuna\cepre-app\node_modules\react-dom\cjs\react-dom-server-legacy.node.development.js:4699:19)
  run (D:\Desarrollo\Cepreuna\cepre-app\node_modules\react-dom\cjs\react-dom-server-legacy.node.development.js:5539:39)
  retryNode (D:\Desarrollo\Cepreuna\cepre-app\node_modules\react-dom\cjs\react-dom-server-legacy.node.development.js:5899:31)
  renderNodeDestructive (D:\Desarrollo\Cepreuna\cepre-app\node_modules\react-dom\cjs\react-dom-server-legacy.node.development.js:5849:11)
λ  WARN  props.pointerEvents is deprecated. Use style.pointerEvents 
  console.warn (D:\Desarrollo\Cepreuna\cepre-app\node_modules\expo\node_modules\@expo\cli\src\start\server\serverLogLikeMetro.ts:161:21)
  warnOnce (D:\Desarrollo\Cepreuna\cepre-app\node_modules\react-native-web\dist\modules\warnOnce\index.js:24:13)
  createDOMProps (D:\Desarrollo\Cepreuna\cepre-app\node_modules\react-native-web\dist\modules\createDOMProps\index.js:805:13)
  createElement (D:\Desarrollo\Cepreuna\cepre-app\node_modules\react-native-web\dist\exports\createElement\index.js:23:32)
  View (D:\Desarrollo\Cepreuna\cepre-app\node_modules\react-native-web\dist\exports\View\index.js:111:23)
  Object.instance [as react-stack-bottom-frame] (D:\Desarrollo\Cepreuna\cepre-app\node_modules\react-dom\cjs\react-dom-server.node.development.js:87:18)
  renderWithHooks (D:\Desarrollo\Cepreuna\cepre-app\node_modules\react-dom\cjs\react-dom-server-legacy.node.development.js:5105:17)
  renderElement (D:\Desarrollo\Cepreuna\cepre-app\node_modules\react-dom\cjs\react-dom-server-legacy.node.development.js:5780:73)
  retryNode (D:\Desarrollo\Cepreuna\cepre-app\node_modules\react-dom\cjs\react-dom-server-legacy.node.development.js:6190:41)
  renderNodeDestructive (D:\Desarrollo\Cepreuna\cepre-app\node_modules\react-dom\cjs\react-dom-server-legacy.node.development.js:6168:42)
λ  WARN  props.pointerEvents is deprecated. Use style.pointerEvents 
  console.warn (D:\Desarrollo\Cepreuna\cepre-app\node_modules\expo\node_modules\@expo\cli\src\start\server\serverLogLikeMetro.ts:161:21)
  warnOnce (D:\Desarrollo\Cepreuna\cepre-app\node_modules\react-native-web\dist\modules\warnOnce\index.js:24:13)
  createDOMProps (D:\Desarrollo\Cepreuna\cepre-app\node_modules\react-native-web\dist\modules\createDOMProps\index.js:805:13)
  createElement (D:\Desarrollo\Cepreuna\cepre-app\node_modules\react-native-web\dist\exports\createElement\index.js:23:32)
  View (D:\Desarrollo\Cepreuna\cepre-app\node_modules\react-native-web\dist\exports\View\index.js:111:23)
  Object._prevContext [as react-stack-bottom-frame] (D:\Desarrollo\Cepreuna\cepre-app\node_modules\react-dom\cjs\react-dom-server.node.development.js:331:5)
  renderWithHooks (D:\Desarrollo\Cepreuna\cepre-app\node_modules\react-dom\cjs\react-dom-server-legacy.node.development.js:5299:21)
  renderElement (D:\Desarrollo\Cepreuna\cepre-app\node_modules\react-dom\cjs\react-dom-server-legacy.node.development.js:6040:78)
  retryNode (D:\Desarrollo\Cepreuna\cepre-app\node_modules\react-dom\cjs\react-dom-server-legacy.node.development.js:6361:79)
  renderNodeDestructive (D:\Desarrollo\Cepreuna\cepre-app\node_modules\react-dom\cjs\react-dom-server-legacy.node.development.js:6343:59)
λ  WARN  props.pointerEvents is deprecated. Use style.pointerEvents 
  console.warn (D:\Desarrollo\Cepreuna\cepre-app\node_modules\expo\node_modules\@expo\cli\src\start\server\serverLogLikeMetro.ts:161:21)
  warnOnce (D:\Desarrollo\Cepreuna\cepre-app\node_modules\react-native-web\dist\modules\warnOnce\index.js:24:13)
  createDOMProps (D:\Desarrollo\Cepreuna\cepre-app\node_modules\react-native-web\dist\modules\createDOMProps\index.js:805:13)
  createElement (D:\Desarrollo\Cepreuna\cepre-app\node_modules\react-native-web\dist\exports\createElement\index.js:23:32)
  nonce (D:\Desarrollo\Cepreuna\cepre-app\node_modules\react-native-web\dist\exports\View\index.js:111:23)
  Object.react-stack-bottom-frame (D:\Desarrollo\Cepreuna\cepre-app\node_modules\react-dom\cjs\react-dom-server.node.development.js:890:22)
  renderWithHooks (D:\Desarrollo\Cepreuna\cepre-app\node_modules\react-dom\cjs\react-dom-server-legacy.node.development.js:5867:21)
  renderElement (D:\Desarrollo\Cepreuna\cepre-app\node_modules\react-dom\cjs\react-dom-server-legacy.node.development.js:6583:30)
  retryNode (D:\Desarrollo\Cepreuna\cepre-app\node_modules\react-dom\cjs\react-dom-server-legacy.node.development.js:6964:75)
  renderNodeDestructive (D:\Desarrollo\Cepreuna\cepre-app\node_modules\react-dom\cjs\react-dom-server-legacy.node.development.js:6941:35)
λ  WARN  props.pointerEvents is deprecated. Use style.pointerEvents 
  console.warn (D:\Desarrollo\Cepreuna\cepre-app\node_modules\expo\node_modules\@expo\cli\src\start\server\serverLogLikeMetro.ts:161:21)
  warnOnce (D:\Desarrollo\Cepreuna\cepre-app\node_modules\react-native-web\dist\modules\warnOnce\index.js:24:13)
  createDOMProps (D:\Desarrollo\Cepreuna\cepre-app\node_modules\react-native-web\dist\modules\createDOMProps\index.js:805:13)
  createElement (D:\Desarrollo\Cepreuna\cepre-app\node_modules\react-native-web\dist\exports\createElement\index.js:23:32)
  nonce (D:\Desarrollo\Cepreuna\cepre-app\node_modules\react-native-web\dist\exports\View\index.js:111:23)
  Object.react-stack-bottom-frame (D:\Desarrollo\Cepreuna\cepre-app\node_modules\react-dom\cjs\react-dom-server.node.development.js:890:22)
  renderWithHooks (D:\Desarrollo\Cepreuna\cepre-app\node_modules\react-dom\cjs\react-dom-server-legacy.node.development.js:5867:21)
  renderElement (D:\Desarrollo\Cepreuna\cepre-app\node_modules\react-dom\cjs\react-dom-server-legacy.node.development.js:6583:30)
  retryNode (D:\Desarrollo\Cepreuna\cepre-app\node_modules\react-dom\cjs\react-dom-server-legacy.node.development.js:6964:75)
  renderNodeDestructive (D:\Desarrollo\Cepreuna\cepre-app\node_modules\react-dom\cjs\react-dom-server-legacy.node.development.js:6941:35)
λ  WARN  props.pointerEvents is deprecated. Use style.pointerEvents 
  console.warn (D:\Desarrollo\Cepreuna\cepre-app\node_modules\expo\node_modules\@expo\cli\src\start\server\serverLogLikeMetro.ts:161:21)
  warnOnce (D:\Desarrollo\Cepreuna\cepre-app\node_modules\react-native-web\dist\modules\warnOnce\index.js:24:13)
  createDOMProps (D:\Desarrollo\Cepreuna\cepre-app\node_modules\react-native-web\dist\modules\createDOMProps\index.js:805:13)
  createElement (D:\Desarrollo\Cepreuna\cepre-app\node_modules\react-native-web\dist\exports\createElement\index.js:23:32)
  nonce (D:\Desarrollo\Cepreuna\cepre-app\node_modules\react-native-web\dist\exports\View\index.js:111:23)
  Object.react-stack-bottom-frame (D:\Desarrollo\Cepreuna\cepre-app\node_modules\react-dom\cjs\react-dom-server.node.development.js:890:22)
  renderWithHooks (D:\Desarrollo\Cepreuna\cepre-app\node_modules\react-dom\cjs\react-dom-server-legacy.node.development.js:5867:21)
  renderElement (D:\Desarrollo\Cepreuna\cepre-app\node_modules\react-dom\cjs\react-dom-server-legacy.node.development.js:6583:30)
  retryNode (D:\Desarrollo\Cepreuna\cepre-app\node_modules\react-dom\cjs\react-dom-server-legacy.node.development.js:6964:75)
  renderNodeDestructive (D:\Desarrollo\Cepreuna\cepre-app\node_modules\react-dom\cjs\react-dom-server-legacy.node.development.js:6941:35)
λ  WARN  props.pointerEvents is deprecated. Use style.pointerEvents 
  console.warn (D:\Desarrollo\Cepreuna\cepre-app\node_modules\expo\node_modules\@expo\cli\src\start\server\serverLogLikeMetro.ts:161:21)
  warnOnce (D:\Desarrollo\Cepreuna\cepre-app\node_modules\react-native-web\dist\modules\warnOnce\index.js:24:13)
  createDOMProps (D:\Desarrollo\Cepreuna\cepre-app\node_modules\react-native-web\dist\modules\createDOMProps\index.js:805:13)
  createElement (D:\Desarrollo\Cepreuna\cepre-app\node_modules\react-native-web\dist\exports\createElement\index.js:23:32)
  pushStringAttribute (D:\Desarrollo\Cepreuna\cepre-app\node_modules\react-native-web\dist\exports\View\index.js:111:23)
  Object.react-stack-bottom-frame (D:\Desarrollo\Cepreuna\cepre-app\node_modules\react-dom\cjs\react-dom-server.node.development.js:1197:7)
  renderWithHooks (D:\Desarrollo\Cepreuna\cepre-app\node_modules\react-dom\cjs\react-dom-server-legacy.node.development.js:6187:21)
  renderElement (D:\Desarrollo\Cepreuna\cepre-app\node_modules\react-dom\cjs\react-dom-server-legacy.node.development.js:6874:36)
  retryNode (D:\Desarrollo\Cepreuna\cepre-app\node_modules\react-dom\cjs\react-dom-server-legacy.node.development.js:7263:13)
  renderNodeDestructive (D:\Desarrollo\Cepreuna\cepre-app\node_modules\react-dom\cjs\react-dom-server-legacy.node.development.js:7230:73)
λ  WARN  props.pointerEvents is deprecated. Use style.pointerEvents 
  console.warn (D:\Desarrollo\Cepreuna\cepre-app\node_modules\expo\node_modules\@expo\cli\src\start\server\serverLogLikeMetro.ts:161:21)
  warnOnce (D:\Desarrollo\Cepreuna\cepre-app\node_modules\react-native-web\dist\modules\warnOnce\index.js:24:13)
  createDOMProps (D:\Desarrollo\Cepreuna\cepre-app\node_modules\react-native-web\dist\modules\createDOMProps\index.js:805:13)
  createElement (D:\Desarrollo\Cepreuna\cepre-app\node_modules\react-native-web\dist\exports\createElement\index.js:23:32)
  View (D:\Desarrollo\Cepreuna\cepre-app\node_modules\react-native-web\dist\exports\View\index.js:111:23)
  Object.abortRemainingReplayNodes [as react-stack-bottom-frame] (D:\Desarrollo\Cepreuna\cepre-app\node_modules\react-dom\cjs\react-dom-server.node.development.js:1397:14)
  completeBoundaryScriptEnd (D:\Desarrollo\Cepreuna\cepre-app\node_modules\react-dom\cjs\react-dom-server-legacy.node.development.js:6363:14)
  renderElement (D:\Desarrollo\Cepreuna\cepre-app\node_modules\react-dom\cjs\react-dom-server-legacy.node.development.js:7132:35)
  retryNode (D:\Desarrollo\Cepreuna\cepre-app\node_modules\react-dom\cjs\react-dom-server-legacy.node.development.js:7426:41)
  renderNodeDestructive (D:\Desarrollo\Cepreuna\cepre-app\node_modules\react-dom\cjs\react-dom-server-legacy.node.development.js:7392:43)
λ  WARN  props.pointerEvents is deprecated. Use style.pointerEvents 
  console.warn (D:\Desarrollo\Cepreuna\cepre-app\node_modules\expo\node_modules\@expo\cli\src\start\server\serverLogLikeMetro.ts:161:21)
  warnOnce (D:\Desarrollo\Cepreuna\cepre-app\node_modules\react-native-web\dist\modules\warnOnce\index.js:24:13)
  createDOMProps (D:\Desarrollo\Cepreuna\cepre-app\node_modules\react-native-web\dist\modules\createDOMProps\index.js:805:13)
  createElement (D:\Desarrollo\Cepreuna\cepre-app\node_modules\react-native-web\dist\exports\createElement\index.js:23:32)
  View (D:\Desarrollo\Cepreuna\cepre-app\node_modules\react-native-web\dist\exports\View\index.js:111:23)
  Object.abortRemainingReplayNodes [as react-stack-bottom-frame] (D:\Desarrollo\Cepreuna\cepre-app\node_modules\react-dom\cjs\react-dom-server.node.development.js:1397:14)
  completeBoundaryScriptEnd (D:\Desarrollo\Cepreuna\cepre-app\node_modules\react-dom\cjs\react-dom-server-legacy.node.development.js:6363:14)
  renderElement (D:\Desarrollo\Cepreuna\cepre-app\node_modules\react-dom\cjs\react-dom-server-legacy.node.development.js:7132:35)
  retryNode (D:\Desarrollo\Cepreuna\cepre-app\node_modules\react-dom\cjs\react-dom-server-legacy.node.development.js:7426:41)
  renderNodeDestructive (D:\Desarrollo\Cepreuna\cepre-app\node_modules\react-dom\cjs\react-dom-server-legacy.node.development.js:7392:43)
λ  WARN  props.pointerEvents is deprecated. Use style.pointerEvents 
  console.warn (D:\Desarrollo\Cepreuna\cepre-app\node_modules\expo\node_modules\@expo\cli\src\start\server\serverLogLikeMetro.ts:161:21)
  warnOnce (D:\Desarrollo\Cepreuna\cepre-app\node_modules\react-native-web\dist\modules\warnOnce\index.js:24:13)
  createDOMProps (D:\Desarrollo\Cepreuna\cepre-app\node_modules\react-native-web\dist\modules\createDOMProps\index.js:805:13)
  createElement (D:\Desarrollo\Cepreuna\cepre-app\node_modules\react-native-web\dist\exports\createElement\index.js:23:32)
  View (D:\Desarrollo\Cepreuna\cepre-app\node_modules\react-native-web\dist\exports\View\index.js:111:23)
  Object.abortTask [as react-stack-bottom-frame] (D:\Desarrollo\Cepreuna\cepre-app\node_modules\react-dom\cjs\react-dom-server.node.development.js:1436:11)
  renderWithHooks (D:\Desarrollo\Cepreuna\cepre-app\node_modules\react-dom\cjs\react-dom-server-legacy.node.development.js:6434:14)
  renderElement (D:\Desarrollo\Cepreuna\cepre-app\node_modules\react-dom\cjs\react-dom-server-legacy.node.development.js:7179:5)
  retryNode (D:\Desarrollo\Cepreuna\cepre-app\node_modules\react-dom\cjs\react-dom-server-legacy.node.development.js:7471:5)
  renderNodeDestructive (D:\Desarrollo\Cepreuna\cepre-app\node_modules\react-dom\cjs\react-dom-server-legacy.node.development.js:7433:60)
λ  WARN  props.pointerEvents is deprecated. Use style.pointerEvents 
  console.warn (D:\Desarrollo\Cepreuna\cepre-app\node_modules\expo\node_modules\@expo\cli\src\start\server\serverLogLikeMetro.ts:161:21)
  warnOnce (D:\Desarrollo\Cepreuna\cepre-app\node_modules\react-native-web\dist\modules\warnOnce\index.js:24:13)
  createDOMProps (D:\Desarrollo\Cepreuna\cepre-app\node_modules\react-native-web\dist\modules\createDOMProps\index.js:805:13)
  createElement (D:\Desarrollo\Cepreuna\cepre-app\node_modules\react-native-web\dist\exports\createElement\index.js:23:32)
  View (D:\Desarrollo\Cepreuna\cepre-app\node_modules\react-native-web\dist\exports\View\index.js:111:23)
  Object.abortTask [as react-stack-bottom-frame] (D:\Desarrollo\Cepreuna\cepre-app\node_modules\react-dom\cjs\react-dom-server.node.development.js:1436:11)
  renderWithHooks (D:\Desarrollo\Cepreuna\cepre-app\node_modules\react-dom\cjs\react-dom-server-legacy.node.development.js:6434:14)
  renderElement (D:\Desarrollo\Cepreuna\cepre-app\node_modules\react-dom\cjs\react-dom-server-legacy.node.development.js:7179:5)
  retryNode (D:\Desarrollo\Cepreuna\cepre-app\node_modules\react-dom\cjs\react-dom-server-legacy.node.development.js:7471:5)
  renderNodeDestructive (D:\Desarrollo\Cepreuna\cepre-app\node_modules\react-dom\cjs\react-dom-server-legacy.node.development.js:7433:60)
λ  WARN  props.pointerEvents is deprecated. Use style.pointerEvents 
  console.warn (D:\Desarrollo\Cepreuna\cepre-app\node_modules\expo\node_modules\@expo\cli\src\start\server\serverLogLikeMetro.ts:161:21)
  warnOnce (D:\Desarrollo\Cepreuna\cepre-app\node_modules\react-native-web\dist\modules\warnOnce\index.js:24:13)
  createDOMProps (D:\Desarrollo\Cepreuna\cepre-app\node_modules\react-native-web\dist\modules\createDOMProps\index.js:805:13)
  createElement (D:\Desarrollo\Cepreuna\cepre-app\node_modules\react-native-web\dist\exports\createElement\index.js:23:32)
  View (D:\Desarrollo\Cepreuna\cepre-app\node_modules\react-native-web\dist\exports\View\index.js:111:23)
  Object.abortTask [as react-stack-bottom-frame] (D:\Desarrollo\Cepreuna\cepre-app\node_modules\react-dom\cjs\react-dom-server.node.development.js:1436:11)
  renderWithHooks (D:\Desarrollo\Cepreuna\cepre-app\node_modules\react-dom\cjs\react-dom-server-legacy.node.development.js:6434:14)
  renderElement (D:\Desarrollo\Cepreuna\cepre-app\node_modules\react-dom\cjs\react-dom-server-legacy.node.development.js:7179:5)
  retryNode (D:\Desarrollo\Cepreuna\cepre-app\node_modules\react-dom\cjs\react-dom-server-legacy.node.development.js:7471:5)
  renderNodeDestructive (D:\Desarrollo\Cepreuna\cepre-app\node_modules\react-dom\cjs\react-dom-server-legacy.node.development.js:7433:60)
λ  WARN  props.pointerEvents is deprecated. Use style.pointerEvents 
  console.warn (D:\Desarrollo\Cepreuna\cepre-app\node_modules\expo\node_modules\@expo\cli\src\start\server\serverLogLikeMetro.ts:161:21)
  warnOnce (D:\Desarrollo\Cepreuna\cepre-app\node_modules\react-native-web\dist\modules\warnOnce\index.js:24:13)
  createDOMProps (D:\Desarrollo\Cepreuna\cepre-app\node_modules\react-native-web\dist\modules\createDOMProps\index.js:805:13)
  createElement (D:\Desarrollo\Cepreuna\cepre-app\node_modules\react-native-web\dist\exports\createElement\index.js:23:32)
  View (D:\Desarrollo\Cepreuna\cepre-app\node_modules\react-native-web\dist\exports\View\index.js:111:23)
  Object.abortRemainingReplayNodes [as react-stack-bottom-frame] (D:\Desarrollo\Cepreuna\cepre-app\node_modules\react-dom\cjs\react-dom-server.node.development.js:1397:14)
  completeBoundaryScriptEnd (D:\Desarrollo\Cepreuna\cepre-app\node_modules\react-dom\cjs\react-dom-server-legacy.node.development.js:6363:14)
  renderElement (D:\Desarrollo\Cepreuna\cepre-app\node_modules\react-dom\cjs\react-dom-server-legacy.node.development.js:7132:35)
  retryNode (D:\Desarrollo\Cepreuna\cepre-app\node_modules\react-dom\cjs\react-dom-server-legacy.node.development.js:7426:41)
  renderNodeDestructive (D:\Desarrollo\Cepreuna\cepre-app\node_modules\react-dom\cjs\react-dom-server-legacy.node.development.js:7392:43)
λ  WARN  props.pointerEvents is deprecated. Use style.pointerEvents 
  console.warn (D:\Desarrollo\Cepreuna\cepre-app\node_modules\expo\node_modules\@expo\cli\src\start\server\serverLogLikeMetro.ts:161:21)
  warnOnce (D:\Desarrollo\Cepreuna\cepre-app\node_modules\react-native-web\dist\modules\warnOnce\index.js:24:13)
  createDOMProps (D:\Desarrollo\Cepreuna\cepre-app\node_modules\react-native-web\dist\modules\createDOMProps\index.js:805:13)
  createElement (D:\Desarrollo\Cepreuna\cepre-app\node_modules\react-native-web\dist\exports\createElement\index.js:23:32)
  innerHTML (D:\Desarrollo\Cepreuna\cepre-app\node_modules\react-native-web\dist\exports\View\index.js:111:23)
  Object.react-stack-bottom-frame (D:\Desarrollo\Cepreuna\cepre-app\node_modules\react-dom\cjs\react-dom-server.node.development.js:1669:17)
  renderElement (D:\Desarrollo\Cepreuna\cepre-app\node_modules\react-dom\cjs\react-dom-server-legacy.node.development.js:7415:23)
  retryNode (D:\Desarrollo\Cepreuna\cepre-app\node_modules\react-dom\cjs\react-dom-server-legacy.node.development.js:7743:29)
  renderNodeDestructive (D:\Desarrollo\Cepreuna\cepre-app\node_modules\react-dom\cjs\react-dom-server-legacy.node.development.js:7725:27)
λ  WARN  props.pointerEvents is deprecated. Use style.pointerEvents 
  console.warn (D:\Desarrollo\Cepreuna\cepre-app\node_modules\expo\node_modules\@expo\cli\src\start\server\serverLogLikeMetro.ts:161:21)
  warnOnce (D:\Desarrollo\Cepreuna\cepre-app\node_modules\react-native-web\dist\modules\warnOnce\index.js:24:13)
  createDOMProps (D:\Desarrollo\Cepreuna\cepre-app\node_modules\react-native-web\dist\modules\createDOMProps\index.js:805:13)
  createElement (D:\Desarrollo\Cepreuna\cepre-app\node_modules\react-native-web\dist\exports\createElement\index.js:23:32)
  innerHTML (D:\Desarrollo\Cepreuna\cepre-app\node_modules\react-native-web\dist\exports\View\index.js:111:23)
  Object.react-stack-bottom-frame (D:\Desarrollo\Cepreuna\cepre-app\node_modules\react-dom\cjs\react-dom-server.node.development.js:1669:17)
  renderElement (D:\Desarrollo\Cepreuna\cepre-app\node_modules\react-dom\cjs\react-dom-server-legacy.node.development.js:7415:23)
  retryNode (D:\Desarrollo\Cepreuna\cepre-app\node_modules\react-dom\cjs\react-dom-server-legacy.node.development.js:7743:29)
  renderNodeDestructive (D:\Desarrollo\Cepreuna\cepre-app\node_modules\react-dom\cjs\react-dom-server-legacy.node.development.js:7725:27)
λ  WARN  props.pointerEvents is deprecated. Use style.pointerEvents 
  console.warn (D:\Desarrollo\Cepreuna\cepre-app\node_modules\expo\node_modules\@expo\cli\src\start\server\serverLogLikeMetro.ts:161:21)
  warnOnce (D:\Desarrollo\Cepreuna\cepre-app\node_modules\react-native-web\dist\modules\warnOnce\index.js:24:13)
  createDOMProps (D:\Desarrollo\Cepreuna\cepre-app\node_modules\react-native-web\dist\modules\createDOMProps\index.js:805:13)
  createElement (D:\Desarrollo\Cepreuna\cepre-app\node_modules\react-native-web\dist\exports\createElement\index.js:23:32)
  View (D:\Desarrollo\Cepreuna\cepre-app\node_modules\react-native-web\dist\exports\View\index.js:111:23)
  Object.push [as react-stack-bottom-frame] (D:\Desarrollo\Cepreuna\cepre-app\node_modules\react-dom\cjs\react-dom-server.node.development.js:1920:19)
  renderWithHooks (D:\Desarrollo\Cepreuna\cepre-app\node_modules\react-dom\cjs\react-dom-server-legacy.node.development.js:7125:19)
  renderElement (D:\Desarrollo\Cepreuna\cepre-app\node_modules\react-dom\cjs\react-dom-server-legacy.node.development.js:7737:27)
  retryNode (D:\Desarrollo\Cepreuna\cepre-app\node_modules\react-dom\cjs\react-dom-server-legacy.node.development.js:7918:37)
  renderNodeDestructive (D:\Desarrollo\Cepreuna\cepre-app\node_modules\react-dom\cjs\react-dom-server-legacy.node.development.js:7900:23)
λ  WARN  props.pointerEvents is deprecated. Use style.pointerEvents 
  console.warn (D:\Desarrollo\Cepreuna\cepre-app\node_modules\expo\node_modules\@expo\cli\src\start\server\serverLogLikeMetro.ts:161:21)
  warnOnce (D:\Desarrollo\Cepreuna\cepre-app\node_modules\react-native-web\dist\modules\warnOnce\index.js:24:13)
  createDOMProps (D:\Desarrollo\Cepreuna\cepre-app\node_modules\react-native-web\dist\modules\createDOMProps\index.js:805:13)
  createElement (D:\Desarrollo\Cepreuna\cepre-app\node_modules\react-native-web\dist\exports\createElement\index.js:23:32)
  View (D:\Desarrollo\Cepreuna\cepre-app\node_modules\react-native-web\dist\exports\View\index.js:111:23)
  Object.push [as react-stack-bottom-frame] (D:\Desarrollo\Cepreuna\cepre-app\node_modules\react-dom\cjs\react-dom-server.node.development.js:1920:19)
  renderWithHooks (D:\Desarrollo\Cepreuna\cepre-app\node_modules\react-dom\cjs\react-dom-server-legacy.node.development.js:7125:19)
  renderElement (D:\Desarrollo\Cepreuna\cepre-app\node_modules\react-dom\cjs\react-dom-server-legacy.node.development.js:7737:27)
  retryNode (D:\Desarrollo\Cepreuna\cepre-app\node_modules\react-dom\cjs\react-dom-server-legacy.node.development.js:7918:37)
  renderNodeDestructive (D:\Desarrollo\Cepreuna\cepre-app\node_modules\react-dom\cjs\react-dom-server-legacy.node.development.js:7900:23)
λ  WARN  props.pointerEvents is deprecated. Use style.pointerEvents 
  console.warn (D:\Desarrollo\Cepreuna\cepre-app\node_modules\expo\node_modules\@expo\cli\src\start\server\serverLogLikeMetro.ts:161:21)
  warnOnce (D:\Desarrollo\Cepreuna\cepre-app\node_modules\react-native-web\dist\modules\warnOnce\index.js:24:13)
  createDOMProps (D:\Desarrollo\Cepreuna\cepre-app\node_modules\react-native-web\dist\modules\createDOMProps\index.js:805:13)
  createElement (D:\Desarrollo\Cepreuna\cepre-app\node_modules\react-native-web\dist\exports\createElement\index.js:23:32)
  View (D:\Desarrollo\Cepreuna\cepre-app\node_modules\react-native-web\dist\exports\View\index.js:111:23)
  Object.react-stack-bottom-frame (D:\Desarrollo\Cepreuna\cepre-app\node_modules\react-dom\cjs\react-dom-server.node.development.js:2247:15)
  renderWithHooks (D:\Desarrollo\Cepreuna\cepre-app\node_modules\react-dom\cjs\react-dom-server-legacy.node.development.js:7471:5)
  renderElement (D:\Desarrollo\Cepreuna\cepre-app\node_modules\react-dom\cjs\react-dom-server-legacy.node.development.js:7947:32)
  retryNode (D:\Desarrollo\Cepreuna\cepre-app\node_modules\react-dom\cjs\react-dom-server-legacy.node.development.js:8124:45)
  renderNodeDestructive (D:\Desarrollo\Cepreuna\cepre-app\node_modules\react-dom\cjs\react-dom-server-legacy.node.development.js:8106:35)
λ  WARN  props.pointerEvents is deprecated. Use style.pointerEvents 
  console.warn (D:\Desarrollo\Cepreuna\cepre-app\node_modules\expo\node_modules\@expo\cli\src\start\server\serverLogLikeMetro.ts:161:21)
  warnOnce (D:\Desarrollo\Cepreuna\cepre-app\node_modules\react-native-web\dist\modules\warnOnce\index.js:24:13)
  createDOMProps (D:\Desarrollo\Cepreuna\cepre-app\node_modules\react-native-web\dist\modules\createDOMProps\index.js:805:13)
  createElement (D:\Desarrollo\Cepreuna\cepre-app\node_modules\react-native-web\dist\exports\createElement\index.js:23:32)
  View (D:\Desarrollo\Cepreuna\cepre-app\node_modules\react-native-web\dist\exports\View\index.js:111:23)
  Object.react-stack-bottom-frame (D:\Desarrollo\Cepreuna\cepre-app\node_modules\react-dom\cjs\react-dom-server.node.development.js:2247:15)
  renderWithHooks (D:\Desarrollo\Cepreuna\cepre-app\node_modules\react-dom\cjs\react-dom-server-legacy.node.development.js:7471:5)
  renderElement (D:\Desarrollo\Cepreuna\cepre-app\node_modules\react-dom\cjs\react-dom-server-legacy.node.development.js:7947:32)
  retryNode (D:\Desarrollo\Cepreuna\cepre-app\node_modules\react-dom\cjs\react-dom-server-legacy.node.development.js:8124:45)
  renderNodeDestructive (D:\Desarrollo\Cepreuna\cepre-app\node_modules\react-dom\cjs\react-dom-server-legacy.node.development.js:8106:35)
^C